// Jest Snapshot v1, https://goo.gl/fbAQLP

exports[`<Header /> should render correctly according to props 1`] = `
"<div><i class=\\"fa fa-bus\\"></i>
</div>"
`;
